// Jest Snapshot v1, https://goo.gl/fbAQLP

exports[`header component should render 1`] = `undefined`;
